[2026-04-17T11:04:29.733-0400][0.010s][info][class,load] java.lang.Object source: jrt:/java.base
[2026-04-17T11:04:29.733-0400][0.011s][info][class,load] java.io.Serializable source: jrt:/java.base
[2026-04-17T11:04:29.733-0400][0.011s][info][class,load] java.lang.Comparable source: jrt:/java.base
[2026-04-17T11:04:29.733-0400][0.011s][info][class,load] java.lang.CharSequence source: jrt:/java.base
[2026-04-17T11:04:29.733-0400][0.011s][info][class,load] java.lang.constant.Constable source: jrt:/java.base
[2026-04-17T11:04:29.733-0400][0.011s][info][class,load] java.lang.constant.ConstantDesc source: jrt:/java.base
[2026-04-17T11:04:29.734-0400][0.011s][info][class,load] java.lang.String source: jrt:/java.base
[2026-04-17T11:04:29.734-0400][0.011s][info][class,load] java.lang.reflect.AnnotatedElement source: jrt:/java.base
[2026-04-17T11:04:29.734-0400][0.012s][info][class,load] java.lang.reflect.GenericDeclaration source: jrt:/java.base
[2026-04-17T11:04:29.734-0400][0.012s][info][class,load] java.lang.reflect.Type source: jrt:/java.base
[2026-04-17T11:04:29.734-0400][0.012s][info][class,load] java.lang.invoke.TypeDescriptor source: jrt:/java.base
[2026-04-17T11:04:29.734-0400][0.012s][info][class,load] java.lang.invoke.TypeDescriptor$OfField source: jrt:/java.base
[2026-04-17T11:04:29.735-0400][0.012s][info][class,load] java.lang.Class source: jrt:/java.base
[2026-04-17T11:04:29.735-0400][0.012s][info][class,load] java.lang.Cloneable source: jrt:/java.base
[2026-04-17T11:04:29.735-0400][0.012s][info][class,load] java.lang.ClassLoader source: jrt:/java.base
[2026-04-17T11:04:29.735-0400][0.013s][info][class,load] java.lang.System source: jrt:/java.base
[2026-04-17T11:04:29.735-0400][0.013s][info][class,load] java.lang.Throwable source: jrt:/java.base
[2026-04-17T11:04:29.736-0400][0.013s][info][class,load] java.lang.Error source: jrt:/java.base
[2026-04-17T11:04:29.736-0400][0.013s][info][class,load] java.lang.Exception source: jrt:/java.base
[2026-04-17T11:04:29.736-0400][0.013s][info][class,load] java.lang.RuntimeException source: jrt:/java.base
[2026-04-17T11:04:29.736-0400][0.013s][info][class,load] java.lang.SecurityManager source: jrt:/java.base
[2026-04-17T11:04:29.736-0400][0.013s][info][class,load] java.security.ProtectionDomain source: jrt:/java.base
[2026-04-17T11:04:29.736-0400][0.013s][info][class,load] java.security.AccessControlContext source: jrt:/java.base
[2026-04-17T11:04:29.736-0400][0.013s][info][class,load] java.security.AccessController source: jrt:/java.base
[2026-04-17T11:04:29.736-0400][0.013s][info][class,load] java.security.SecureClassLoader source: jrt:/java.base
[2026-04-17T11:04:29.736-0400][0.013s][info][class,load] java.lang.ReflectiveOperationException source: jrt:/java.base
[2026-04-17T11:04:29.736-0400][0.014s][info][class,load] java.lang.ClassNotFoundException source: jrt:/java.base
[2026-04-17T11:04:29.736-0400][0.014s][info][class,load] java.lang.Record source: jrt:/java.base
[2026-04-17T11:04:29.736-0400][0.014s][info][class,load] java.lang.LinkageError source: jrt:/java.base
[2026-04-17T11:04:29.736-0400][0.014s][info][class,load] java.lang.NoClassDefFoundError source: jrt:/java.base
[2026-04-17T11:04:29.736-0400][0.014s][info][class,load] java.lang.ClassCastException source: jrt:/java.base
[2026-04-17T11:04:29.736-0400][0.014s][info][class,load] java.lang.ArrayStoreException source: jrt:/java.base
[2026-04-17T11:04:29.736-0400][0.014s][info][class,load] java.lang.VirtualMachineError source: jrt:/java.base
[2026-04-17T11:04:29.736-0400][0.014s][info][class,load] java.lang.InternalError source: jrt:/java.base
[2026-04-17T11:04:29.736-0400][0.014s][info][class,load] java.lang.OutOfMemoryError source: jrt:/java.base
[2026-04-17T11:04:29.736-0400][0.014s][info][class,load] java.lang.StackOverflowError source: jrt:/java.base
[2026-04-17T11:04:29.736-0400][0.014s][info][class,load] java.lang.IllegalMonitorStateException source: jrt:/java.base
[2026-04-17T11:04:29.737-0400][0.014s][info][class,load] java.lang.ref.Reference source: jrt:/java.base
[2026-04-17T11:04:29.737-0400][0.014s][info][class,load] java.lang.ref.SoftReference source: jrt:/java.base
[2026-04-17T11:04:29.737-0400][0.014s][info][class,load] java.lang.ref.WeakReference source: jrt:/java.base
[2026-04-17T11:04:29.737-0400][0.014s][info][class,load] java.lang.ref.FinalReference source: jrt:/java.base
[2026-04-17T11:04:29.737-0400][0.014s][info][class,load] java.lang.ref.PhantomReference source: jrt:/java.base
[2026-04-17T11:04:29.737-0400][0.014s][info][class,load] java.lang.ref.Finalizer source: jrt:/java.base
[2026-04-17T11:04:29.737-0400][0.014s][info][class,load] java.lang.Runnable source: jrt:/java.base
[2026-04-17T11:04:29.737-0400][0.014s][info][class,load] java.lang.Thread source: jrt:/java.base
[2026-04-17T11:04:29.737-0400][0.014s][info][class,load] java.lang.Thread$FieldHolder source: jrt:/java.base
[2026-04-17T11:04:29.737-0400][0.014s][info][class,load] java.lang.Thread$Constants source: jrt:/java.base
[2026-04-17T11:04:29.737-0400][0.015s][info][class,load] java.lang.Thread$UncaughtExceptionHandler source: jrt:/java.base
[2026-04-17T11:04:29.737-0400][0.015s][info][class,load] java.lang.ThreadGroup source: jrt:/java.base
[2026-04-17T11:04:29.737-0400][0.015s][info][class,load] java.lang.BaseVirtualThread source: jrt:/java.base
[2026-04-17T11:04:29.737-0400][0.015s][info][class,load] java.lang.VirtualThread source: jrt:/java.base
[2026-04-17T11:04:29.737-0400][0.015s][info][class,load] java.lang.ThreadBuilders$BoundVirtualThread source: jrt:/java.base
[2026-04-17T11:04:29.738-0400][0.015s][info][class,load] java.util.Map source: jrt:/java.base
[2026-04-17T11:04:29.738-0400][0.015s][info][class,load] java.util.Dictionary source: jrt:/java.base
[2026-04-17T11:04:29.738-0400][0.015s][info][class,load] java.util.Hashtable source: jrt:/java.base
[2026-04-17T11:04:29.738-0400][0.015s][info][class,load] java.util.Properties source: jrt:/java.base
[2026-04-17T11:04:29.738-0400][0.016s][info][class,load] java.lang.Module source: jrt:/java.base
[2026-04-17T11:04:29.738-0400][0.016s][info][class,load] java.lang.reflect.AccessibleObject source: jrt:/java.base
[2026-04-17T11:04:29.738-0400][0.016s][info][class,load] java.lang.reflect.Member source: jrt:/java.base
[2026-04-17T11:04:29.738-0400][0.016s][info][class,load] java.lang.reflect.Field source: jrt:/java.base
[2026-04-17T11:04:29.739-0400][0.016s][info][class,load] java.lang.reflect.Parameter source: jrt:/java.base
[2026-04-17T11:04:29.739-0400][0.016s][info][class,load] java.lang.reflect.Executable source: jrt:/java.base
[2026-04-17T11:04:29.739-0400][0.016s][info][class,load] java.lang.reflect.Method source: jrt:/java.base
[2026-04-17T11:04:29.739-0400][0.016s][info][class,load] java.lang.reflect.Constructor source: jrt:/java.base
[2026-04-17T11:04:29.739-0400][0.016s][info][class,load] jdk.internal.vm.ContinuationScope source: jrt:/java.base
[2026-04-17T11:04:29.739-0400][0.016s][info][class,load] jdk.internal.vm.Continuation source: jrt:/java.base
[2026-04-17T11:04:29.739-0400][0.016s][info][class,load] jdk.internal.vm.StackChunk source: jrt:/java.base
[2026-04-17T11:04:29.739-0400][0.016s][info][class,load] jdk.internal.reflect.MagicAccessorImpl source: jrt:/java.base
[2026-04-17T11:04:29.739-0400][0.016s][info][class,load] jdk.internal.reflect.MethodAccessor source: jrt:/java.base
[2026-04-17T11:04:29.739-0400][0.016s][info][class,load] jdk.internal.reflect.MethodAccessorImpl source: jrt:/java.base
[2026-04-17T11:04:29.739-0400][0.016s][info][class,load] jdk.internal.reflect.ConstructorAccessor source: jrt:/java.base
[2026-04-17T11:04:29.739-0400][0.016s][info][class,load] jdk.internal.reflect.ConstructorAccessorImpl source: jrt:/java.base
[2026-04-17T11:04:29.739-0400][0.017s][info][class,load] jdk.internal.reflect.DelegatingClassLoader source: jrt:/java.base
[2026-04-17T11:04:29.739-0400][0.017s][info][class,load] jdk.internal.reflect.ConstantPool source: jrt:/java.base
[2026-04-17T11:04:29.739-0400][0.017s][info][class,load] jdk.internal.reflect.FieldAccessor source: jrt:/java.base
[2026-04-17T11:04:29.739-0400][0.017s][info][class,load] jdk.internal.reflect.FieldAccessorImpl source: jrt:/java.base
[2026-04-17T11:04:29.739-0400][0.017s][info][class,load] jdk.internal.reflect.UnsafeFieldAccessorImpl source: jrt:/java.base
[2026-04-17T11:04:29.739-0400][0.017s][info][class,load] jdk.internal.reflect.UnsafeStaticFieldAccessorImpl source: jrt:/java.base
[2026-04-17T11:04:29.739-0400][0.017s][info][class,load] java.lang.annotation.Annotation source: jrt:/java.base
[2026-04-17T11:04:29.739-0400][0.017s][info][class,load] jdk.internal.reflect.CallerSensitive source: jrt:/java.base
[2026-04-17T11:04:29.740-0400][0.017s][info][class,load] jdk.internal.reflect.NativeConstructorAccessorImpl source: jrt:/java.base
[2026-04-17T11:04:29.740-0400][0.017s][info][class,load] java.lang.invoke.MethodHandle source: jrt:/java.base
[2026-04-17T11:04:29.740-0400][0.017s][info][class,load] java.lang.invoke.DirectMethodHandle source: jrt:/java.base
[2026-04-17T11:04:29.740-0400][0.017s][info][class,load] java.lang.invoke.VarHandle source: jrt:/java.base
[2026-04-17T11:04:29.740-0400][0.018s][info][class,load] java.lang.invoke.MemberName source: jrt:/java.base
[2026-04-17T11:04:29.740-0400][0.018s][info][class,load] java.lang.invoke.ResolvedMethodName source: jrt:/java.base
[2026-04-17T11:04:29.740-0400][0.018s][info][class,load] java.lang.invoke.MethodHandleNatives source: jrt:/java.base
[2026-04-17T11:04:29.741-0400][0.018s][info][class,load] java.lang.invoke.LambdaForm source: jrt:/java.base
[2026-04-17T11:04:29.741-0400][0.018s][info][class,load] java.lang.invoke.TypeDescriptor$OfMethod source: jrt:/java.base
[2026-04-17T11:04:29.741-0400][0.018s][info][class,load] java.lang.invoke.MethodType source: jrt:/java.base
[2026-04-17T11:04:29.741-0400][0.018s][info][class,load] java.lang.BootstrapMethodError source: jrt:/java.base
[2026-04-17T11:04:29.741-0400][0.018s][info][class,load] java.lang.invoke.CallSite source: jrt:/java.base
[2026-04-17T11:04:29.741-0400][0.018s][info][class,load] jdk.internal.foreign.abi.NativeEntryPoint source: jrt:/java.base
[2026-04-17T11:04:29.741-0400][0.018s][info][class,load] jdk.internal.foreign.abi.ABIDescriptor source: jrt:/java.base
[2026-04-17T11:04:29.741-0400][0.018s][info][class,load] jdk.internal.foreign.abi.VMStorage source: jrt:/java.base
[2026-04-17T11:04:29.741-0400][0.019s][info][class,load] jdk.internal.foreign.abi.UpcallLinker$CallRegs source: jrt:/java.base
[2026-04-17T11:04:29.741-0400][0.019s][info][class,load] java.lang.invoke.ConstantCallSite source: jrt:/java.base
[2026-04-17T11:04:29.741-0400][0.019s][info][class,load] java.lang.invoke.MutableCallSite source: jrt:/java.base
[2026-04-17T11:04:29.741-0400][0.019s][info][class,load] java.lang.invoke.VolatileCallSite source: jrt:/java.base
[2026-04-17T11:04:29.741-0400][0.019s][info][class,load] java.lang.AssertionStatusDirectives source: jrt:/java.base
[2026-04-17T11:04:29.741-0400][0.019s][info][class,load] java.lang.Appendable source: jrt:/java.base
[2026-04-17T11:04:29.742-0400][0.019s][info][class,load] java.lang.AbstractStringBuilder source: jrt:/java.base
[2026-04-17T11:04:29.742-0400][0.019s][info][class,load] java.lang.StringBuffer source: jrt:/java.base
[2026-04-17T11:04:29.742-0400][0.019s][info][class,load] java.lang.StringBuilder source: jrt:/java.base
[2026-04-17T11:04:29.742-0400][0.019s][info][class,load] jdk.internal.misc.UnsafeConstants source: jrt:/java.base
[2026-04-17T11:04:29.742-0400][0.020s][info][class,load] jdk.internal.misc.Unsafe source: jrt:/java.base
[2026-04-17T11:04:29.742-0400][0.020s][info][class,load] jdk.internal.module.Modules source: jrt:/java.base
[2026-04-17T11:04:29.742-0400][0.020s][info][class,load] java.lang.AutoCloseable source: jrt:/java.base
[2026-04-17T11:04:29.742-0400][0.020s][info][class,load] java.io.Closeable source: jrt:/java.base
[2026-04-17T11:04:29.742-0400][0.020s][info][class,load] java.io.InputStream source: jrt:/java.base
[2026-04-17T11:04:29.742-0400][0.020s][info][class,load] java.io.ByteArrayInputStream source: jrt:/java.base
[2026-04-17T11:04:29.743-0400][0.020s][info][class,load] java.net.URL source: jrt:/java.base
[2026-04-17T11:04:29.743-0400][0.020s][info][class,load] java.lang.Enum source: jrt:/java.base
[2026-04-17T11:04:29.743-0400][0.020s][info][class,load] java.util.jar.Manifest source: jrt:/java.base
[2026-04-17T11:04:29.743-0400][0.020s][info][class,load] jdk.internal.loader.BuiltinClassLoader source: jrt:/java.base
[2026-04-17T11:04:29.743-0400][0.020s][info][class,load] jdk.internal.loader.ClassLoaders source: jrt:/java.base
[2026-04-17T11:04:29.743-0400][0.020s][info][class,load] jdk.internal.loader.ClassLoaders$AppClassLoader source: jrt:/java.base
[2026-04-17T11:04:29.743-0400][0.020s][info][class,load] jdk.internal.loader.ClassLoaders$PlatformClassLoader source: jrt:/java.base
[2026-04-17T11:04:29.743-0400][0.020s][info][class,load] java.security.CodeSource source: jrt:/java.base
[2026-04-17T11:04:29.743-0400][0.021s][info][class,load] java.util.concurrent.ConcurrentMap source: jrt:/java.base
