=== thread-cpu sampler probe @ 1777220228 ===
has_proc_top=0
--- probe stdout (first 30 lines) ---
Threads: 19 total,   2 running,  17 sleeping,   0 stopped,   0 zombie
  Mem:    11526M total,    10381M used,     1145M free,        2M buffers
 Swap:    12287M total,     2245M used,    10042M free,     3140M cached
800%cpu   0%user   0%nice   0%sys 800%idle   0%iow   0%irq   0%sirq   0%host
  TID USER         PR  NI VIRT  RES  SHR S[%CPU] %MEM     TIME+ THREAD          PROCESS
15604 u0_a164      20   0  16G  51M  18M R 88.0   0.4   0:00.26 java            java
15629 u0_a164      20   0  16G  51M  18M R 68.0   0.4   0:00.09 C2 CompilerThre java
15655 u0_a164      20   0  16G  51M  18M S 60.0   0.4   0:00.01 C2 CompilerThre java
15630 u0_a164      20   0  16G  51M  18M S 36.0   0.4   0:00.05 C1 CompilerThre java
15642 u0_a164      20   0  16G  51M  18M S  0.0   0.4   0:00.00 Common-Cleaner  java
15641 u0_a164      20   0  16G  51M  18M S  0.0   0.4   0:00.00 Notification Th java
15621 u0_a164      20   0  16G  51M  18M S  0.0   0.4   0:00.00 Reference Handl java
15622 u0_a164      20   0  16G  51M  18M S  0.0   0.4   0:00.00 Finalizer       java
15625 u0_a164      20   0  16G  51M  18M S  0.0   0.4   0:00.00 Signal Dispatch java
15626 u0_a164      20   0  16G  51M  18M S  0.0   0.4   0:00.00 Service Thread  java
15628 u0_a164      20   0  16G  51M  18M S  0.0   0.4   0:00.00 Monitor Deflati java
15616 u0_a164      20   0  16G  51M  18M S  0.0   0.4   0:00.00 VM Thread       java
15606 u0_a164      20   0  16G  51M  18M S  0.0   0.4   0:00.00 G1 Main Marker  java
15605 u0_a164      20   0  16G  51M  18M S  0.0   0.4   0:00.00 GC Thread#0     java
15611 u0_a164      20   0  16G  51M  18M S  0.0   0.4   0:00.00 G1 Service      java
15612 u0_a164      20   0  16G  51M  18M S  0.0   0.4   0:00.00 VM Periodic Tas java
15609 u0_a164      20   0  16G  51M  18M S  0.0   0.4   0:00.00 G1 Refine#0     java
15608 u0_a164      20   0  16G  51M  18M S  0.0   0.4   0:00.00 G1 Conc#0       java
15599 u0_a164      20   0  16G  51M  18M S  0.0   0.4   0:00.01 java            java
--- probe end ---
THREAD-CPU pass=1 ts=1777220228 mode=proc-fallback raw_rows=0
THREAD-CPU pass=2 ts=1777220236 mode=proc-fallback raw_rows=0
THREAD-CPU pass=3 ts=1777220249 mode=proc-fallback raw_rows=0
THREAD-CPU pass=4 ts=1777220260 mode=proc-fallback raw_rows=0
THREAD-CPU pass=5 ts=1777220275 mode=proc-fallback raw_rows=0
THREAD-CPU pass=6 ts=1777220287 mode=proc-fallback raw_rows=0
THREAD-CPU pass=7 ts=1777220299 mode=proc-fallback raw_rows=0
THREAD-CPU pass=8 ts=1777220310 mode=proc-fallback raw_rows=0
THREAD-CPU pass=9 ts=1777220320 mode=proc-fallback raw_rows=0
THREAD-CPU pass=10 ts=1777220332 mode=proc-fallback raw_rows=0
THREAD-CPU pass=11 ts=1777220344 mode=proc-fallback raw_rows=0
