=== X11 window-state probe ts=1777220242 ===
--- xwininfo -root -tree ---

xwininfo: Window id: 0x511 (the root window) (has no name)

  Root window id: 0x511 (the root window) (has no name)
  Parent window id: 0x0 (none)
     3 children:
     0x200030 "sun-awt-X11-XIconWindow": ()  16x16+0+0  +0+0
     0x200029 "RuneLite": ("net-runelite-client-RuneLite" "net-runelite-client-RuneLite")  1592x1848+1368+0  +1368+0
        2 children:
        0x200034 "FocusProxy": ("Focus-Proxy-Window" "FocusProxy")  1x1+-1+-1  +1367+-1
        0x200031 "Content window": ("net-runelite-client-RuneLite" "net-runelite-client-RuneLite")  1592x1848+0+0  +1368+0
           1 child:
           0x200035 "sun-awt-X11-XPanelPeer": ("net-runelite-client-RuneLite" "net-runelite-client-RuneLite")  1530x1848+0+0  +1368+0
              1 child:
              0x20003c "sun-awt-X11-XCanvasPeer": ("net-runelite-client-RuneLite" "net-runelite-client-RuneLite")  1530x1006+0+0  +1368+0
     0x200005 "net-runelite-client-RuneLite": ("net-runelite-client-RuneLite" "net-runelite-client-RuneLite")  1x1+1+1  +1+1

--- xprop -name RuneLite ---
_NET_WM_NAME(UTF8_STRING) = "RuneLite"
WM_NAME(STRING) = "RuneLite"
WM_NORMAL_HINTS(WM_SIZE_HINTS):
--- xwininfo -name RuneLite ---

xwininfo: Window id: 0x200029 "RuneLite"

  Absolute upper-left X:  1368
  Absolute upper-left Y:  0
  Relative upper-left X:  1368
  Relative upper-left Y:  0
  Width: 1592
  Height: 1848
  Depth: 24
  Visual: 0x21
  Visual Class: TrueColor
  Border width: 0
  Class: InputOutput
  Colormap: 0x20 (installed)
  Bit Gravity State: NorthWestGravity
  Window Gravity State: NorthWestGravity
  Backing Store State: NotUseful
  Save Under State: no
  Map State: IsUnMapped
  Override Redirect State: no
  Corners:  +1368+0  -0+0  -0-0  +1368-0
  -geometry 1592x1848-0+0

--- xprop -root _NET_CLIENT_LIST ---
_NET_CLIENT_LIST:  no such atom on any window.
=== probe end ===
