=== X11 window-state probe ts=1777220957 ===
--- xwininfo -root -tree ---

xwininfo: Window id: 0x511 (the root window) (has no name)

  Root window id: 0x511 (the root window) (has no name)
  Parent window id: 0x0 (none)
     13 children:
     0x400005 "net-runelite-client-RuneLite": ("net-runelite-client-RuneLite" "net-runelite-client-RuneLite")  1x1+1+1  +1+1
     0x20000e "Openbox": ("" (none))  1x1+-100+-100  +-100+-100
     0x200060 (has no name): ()  1x1+0+0  +0+0
        1 child:
        0x200061 (has no name): ()  1x1+0+0  +1+1
     0x20005e (has no name): ()  1x1+0+0  +0+0
        1 child:
        0x20005f (has no name): ()  1x1+0+0  +1+1
     0x20005b (has no name): ()  1x1+0+0  +0+0
        1 child:
        0x20005c (has no name): ()  1x1+0+0  +1+1
     0x200057 (has no name): ()  1x1+0+0  +0+0
        3 children:
        0x20005a (has no name): ()  1x1+0+0  +1+1
        0x200059 (has no name): ()  1x1+0+0  +1+1
        0x200058 (has no name): ()  1x1+0+0  +1+1
     0x200054 (has no name): ()  1x1+0+0  +0+0
        2 children:
        0x200056 (has no name): ()  1x1+0+0  +1+1
        0x200055 (has no name): ()  1x1+0+0  +1+1
     0x200053 (has no name): ()  1x1+0+0  +0+0
     0x200052 (has no name): ()  1x1+0+0  +0+0
     0x200051 (has no name): ()  1x1+0+0  +0+0
     0x200050 (has no name): ()  1x1+0+0  +0+0
     0x20005d (has no name): ()  1x1+0+0  +0+0
     0x2000e9 (has no name): ()  2960x1848+0+0  +0+0
        24 children:
        0x40002b "RuneLite": ("net-runelite-client-RuneLite" "net-runelite-client-RuneLite")  2960x1847+0+1  +0+1
           2 children:
           0x400031 "FocusProxy": ("Focus-Proxy-Window" "FocusProxy")  1x1+-1+-1  +-1+0
           0x40002e "Content window": ("net-runelite-client-RuneLite" "net-runelite-client-RuneLite")  2960x1846+0+0  +0+1
              1 child:
              0x400032 "sun-awt-X11-XPanelPeer": ("net-runelite-client-RuneLite" "net-runelite-client-RuneLite")  2898x1846+0+0  +0+1
                 1 child:
                 0x400039 "sun-awt-X11-XCanvasPeer": ("net-runelite-client-RuneLite" "net-runelite-client-RuneLite")  2898x1846+0+0  +0+1
        0x200115 (has no name): ()  1x1+0+0  +0+0
        0x200114 (has no name): ()  1x1+0+0  +0+0
        0x200113 (has no name): ()  1x1+0+0  +0+0
        0x200112 (has no name): ()  1x1+0+0  +0+0
        0x200111 (has no name): ()  1x1+0+0  +0+0
        0x200110 (has no name): ()  1x1+0+0  +0+0
        0x20010f (has no name): ()  1x1+0+0  +0+0
        0x20010e (has no name): ()  1x1+0+0  +0+0
        0x200109 (has no name): ()  1x1+0+0  +0+0
           4 children:
           0x20010d (has no name): ()  1x1+0+0  +0+0
           0x20010c (has no name): ()  1x1+0+0  +0+0
           0x20010b (has no name): ()  1x1+0+0  +0+0
           0x20010a (has no name): ()  1x1+0+0  +0+0
        0x200101 (has no name): ()  1x1+0+0  +0+0
        0x200100 (has no name): ()  1x1+0+0  +0+0
        0x2000fa (has no name): ()  1x1+0+0  +0+0
        0x2000f9 (has no name): ()  1x1+0+0  +0+0
        0x2000f8 (has no name): ()  26x1+2934+0  +2934+0
--- xprop -name RuneLite ---
_NET_FRAME_EXTENTS(CARDINAL) = 0, 0, 1, 0
_NET_WM_STATE(ATOM) = _NET_WM_STATE_MAXIMIZED_VERT, _NET_WM_STATE_MAXIMIZED_HORZ, _OB_WM_STATE_UNDECORATED
_NET_WM_NAME(UTF8_STRING) = "RuneLite"
WM_NAME(STRING) = "RuneLite"
WM_NORMAL_HINTS(WM_SIZE_HINTS):
--- xwininfo -name RuneLite ---

xwininfo: Window id: 0x40002b "RuneLite"

  Absolute upper-left X:  0
  Absolute upper-left Y:  1
  Relative upper-left X:  0
  Relative upper-left Y:  1
  Width: 2960
  Height: 1847
  Depth: 24
  Visual: 0x21
  Visual Class: TrueColor
  Border width: 0
  Class: InputOutput
  Colormap: 0x20 (installed)
  Bit Gravity State: NorthWestGravity
  Window Gravity State: NorthWestGravity
  Backing Store State: NotUseful
  Save Under State: no
  Map State: IsViewable
  Override Redirect State: no
  Corners:  +0+1  -0+1  -0-0  +0-0
  -geometry 2960x1847+0+0

--- xprop -root _NET_CLIENT_LIST ---
_NET_CLIENT_LIST(WINDOW): window id # 0x40002b
=== probe end ===
