04-26 13:04:40.083  9186  9186 I RLT     : +41ms [STATE] S26 onCreate: pid=9186 resize_cycles=100 fd_count=127 | thread=main
04-26 13:04:40.085  9186  9186 I RLT     : +43ms [STATE] S26 onCreate: bindService=true | thread=main
04-26 13:04:40.120  9186  9186 I RLT     : +78ms [LIFECYCLE] S26 surfaceCreated: holder=android.view.SurfaceView$1@40923fb | thread=main
04-26 13:04:40.120  9186  9186 I RLT     : +78ms [LIFECYCLE] S26 surfaceChanged: 800x600 format=1 | thread=main
04-26 13:04:40.415  9219  9219 I RLT     : +30ms [LIFECYCLE] S26 SurfaceRendererService.onCreate: pid=9219 fd_count=108 | thread=main
04-26 13:04:40.417  9186  9186 I RLT     : +375ms [STATE] S26 onServiceConnected: name=ComponentInfo{com.runelitetablet/com.runelitetablet.probe.surfaceaidl.SurfaceRendererService} remote_pid=-1 fd_at_start=108 | thread=main
04-26 13:04:40.618  9186  9186 I RLT     : +575ms [STATE] S26 startResizeLoop: cycles=100 fd_at_start=108 | thread=main
04-26 13:04:40.621  9186  9186 I RLT     : +579ms [LIFECYCLE] S26 surfaceChanged: 640x480 format=1 | thread=main
04-26 13:04:40.624  9219  9241 I RLT     : +239ms [STATE] S26 attachSurface: 640x480 attach=1 fd_count=110 remote_pid=9186 | thread=binder:9219_3
04-26 13:04:40.654  9186  9186 I RLT     : +612ms [LIFECYCLE] S26 surfaceChanged: 800x600 format=1 | thread=main
04-26 13:04:40.656  9219  9241 I RLT     : +271ms [STATE] S26 releaseSurfaceLocked[attachSurface(reattach)]: detach=1 fd_count=116 | thread=binder:9219_3
04-26 13:04:40.656  9219  9241 I RLT     : +271ms [STATE] S26 attachSurface: 800x600 attach=2 fd_count=116 remote_pid=9186 | thread=binder:9219_3
04-26 13:04:40.687  9186  9186 I RLT     : +645ms [LIFECYCLE] S26 surfaceChanged: 960x540 format=1 | thread=main
04-26 13:04:40.689  9219  9236 I RLT     : +304ms [STATE] S26 releaseSurfaceLocked[attachSurface(reattach)]: detach=2 fd_count=116 | thread=binder:9219_1
04-26 13:04:40.690  9219  9236 I RLT     : +305ms [STATE] S26 attachSurface: 960x540 attach=3 fd_count=116 remote_pid=9186 | thread=binder:9219_1
04-26 13:04:40.712  9186  9186 I RLT     : +670ms [LIFECYCLE] S26 surfaceChanged: 1024x768 format=1 | thread=main
04-26 13:04:40.714  9219  9241 I RLT     : +329ms [STATE] S26 releaseSurfaceLocked[attachSurface(reattach)]: detach=3 fd_count=116 | thread=binder:9219_3
04-26 13:04:40.715  9219  9241 I RLT     : +330ms [STATE] S26 attachSurface: 1024x768 attach=4 fd_count=116 remote_pid=9186 | thread=binder:9219_3
04-26 13:04:40.746  9186  9186 I RLT     : +704ms [LIFECYCLE] S26 surfaceChanged: 1280x720 format=1 | thread=main
04-26 13:04:40.748  9219  9267 I RLT     : +362ms [STATE] S26 releaseSurfaceLocked[attachSurface(reattach)]: detach=4 fd_count=116 | thread=binder:9219_4
04-26 13:04:40.748  9219  9267 I RLT     : +363ms [STATE] S26 attachSurface: 1280x720 attach=5 fd_count=116 remote_pid=9186 | thread=binder:9219_4
04-26 13:04:40.780  9186  9186 I RLT     : +738ms [LIFECYCLE] S26 surfaceChanged: 720x1280 format=1 | thread=main
04-26 13:04:40.782  9219  9241 I RLT     : +397ms [STATE] S26 releaseSurfaceLocked[attachSurface(reattach)]: detach=5 fd_count=116 | thread=binder:9219_3
04-26 13:04:40.783  9219  9241 I RLT     : +398ms [STATE] S26 attachSurface: 720x1280 attach=6 fd_count=116 remote_pid=9186 | thread=binder:9219_3
04-26 13:04:40.804  9186  9186 I RLT     : +762ms [LIFECYCLE] S26 surfaceChanged: 1366x768 format=1 | thread=main
04-26 13:04:40.807  9219  9267 I RLT     : +421ms [STATE] S26 releaseSurfaceLocked[attachSurface(reattach)]: detach=6 fd_count=116 | thread=binder:9219_4
04-26 13:04:40.807  9219  9267 I RLT     : +422ms [STATE] S26 attachSurface: 1366x768 attach=7 fd_count=116 remote_pid=9186 | thread=binder:9219_4
04-26 13:04:40.838  9186  9186 I RLT     : +796ms [LIFECYCLE] S26 surfaceChanged: 1600x900 format=1 | thread=main
04-26 13:04:40.841  9219  9241 I RLT     : +456ms [STATE] S26 releaseSurfaceLocked[attachSurface(reattach)]: detach=7 fd_count=116 | thread=binder:9219_3
04-26 13:04:40.842  9219  9241 I RLT     : +456ms [STATE] S26 attachSurface: 1600x900 attach=8 fd_count=116 remote_pid=9186 | thread=binder:9219_3
04-26 13:04:40.872  9186  9186 I RLT     : +829ms [LIFECYCLE] S26 surfaceChanged: 640x480 format=1 | thread=main
04-26 13:04:40.875  9219  9267 I RLT     : +489ms [STATE] S26 releaseSurfaceLocked[attachSurface(reattach)]: detach=8 fd_count=116 | thread=binder:9219_4
04-26 13:04:40.875  9219  9267 I RLT     : +490ms [STATE] S26 attachSurface: 640x480 attach=9 fd_count=116 remote_pid=9186 | thread=binder:9219_4
04-26 13:04:40.905  9186  9186 I RLT     : +863ms [LIFECYCLE] S26 surfaceChanged: 800x600 format=1 | thread=main
04-26 13:04:40.908  9219  9241 I RLT     : +522ms [STATE] S26 releaseSurfaceLocked[attachSurface(reattach)]: detach=9 fd_count=116 | thread=binder:9219_3
04-26 13:04:40.908  9219  9241 I RLT     : +523ms [STATE] S26 attachSurface: 800x600 attach=10 fd_count=116 remote_pid=9186 | thread=binder:9219_3
04-26 13:04:40.930  9186  9186 I RLT     : +887ms [LIFECYCLE] S26 surfaceChanged: 960x540 format=1 | thread=main
04-26 13:04:40.933  9219  9267 I RLT     : +547ms [STATE] S26 releaseSurfaceLocked[attachSurface(reattach)]: detach=10 fd_count=116 | thread=binder:9219_4
04-26 13:04:40.933  9219  9267 I RLT     : +548ms [STATE] S26 attachSurface: 960x540 attach=11 fd_count=116 remote_pid=9186 | thread=binder:9219_4
04-26 13:04:40.963  9186  9186 I RLT     : +921ms [LIFECYCLE] S26 surfaceChanged: 1024x768 format=1 | thread=main
04-26 13:04:40.966  9219  9241 I RLT     : +581ms [STATE] S26 releaseSurfaceLocked[attachSurface(reattach)]: detach=11 fd_count=116 | thread=binder:9219_3
04-26 13:04:40.967  9219  9241 I RLT     : +582ms [STATE] S26 attachSurface: 1024x768 attach=12 fd_count=116 remote_pid=9186 | thread=binder:9219_3
04-26 13:04:40.996  9186  9186 I RLT     : +954ms [LIFECYCLE] S26 surfaceChanged: 1280x720 format=1 | thread=main
04-26 13:04:40.999  9219  9267 I RLT     : +614ms [STATE] S26 releaseSurfaceLocked[attachSurface(reattach)]: detach=12 fd_count=116 | thread=binder:9219_4
04-26 13:04:41.000  9219  9267 I RLT     : +614ms [STATE] S26 attachSurface: 1280x720 attach=13 fd_count=116 remote_pid=9186 | thread=binder:9219_4
04-26 13:04:41.031  9186  9186 I RLT     : +989ms [LIFECYCLE] S26 surfaceChanged: 720x1280 format=1 | thread=main
04-26 13:04:41.034  9219  9237 I RLT     : +649ms [STATE] S26 releaseSurfaceLocked[attachSurface(reattach)]: detach=13 fd_count=116 | thread=binder:9219_2
04-26 13:04:41.035  9219  9237 I RLT     : +650ms [STATE] S26 attachSurface: 720x1280 attach=14 fd_count=116 remote_pid=9186 | thread=binder:9219_2
04-26 13:04:41.055  9186  9186 I RLT     : +1013ms [LIFECYCLE] S26 surfaceChanged: 1366x768 format=1 | thread=main
04-26 13:04:41.058  9219  9267 I RLT     : +672ms [STATE] S26 releaseSurfaceLocked[attachSurface(reattach)]: detach=14 fd_count=116 | thread=binder:9219_4
04-26 13:04:41.059  9219  9267 I RLT     : +674ms [STATE] S26 attachSurface: 1366x768 attach=15 fd_count=116 remote_pid=9186 | thread=binder:9219_4
04-26 13:04:41.089  9186  9186 I RLT     : +1047ms [LIFECYCLE] S26 surfaceChanged: 1600x900 format=1 | thread=main
04-26 13:04:41.093  9219  9237 I RLT     : +708ms [STATE] S26 releaseSurfaceLocked[attachSurface(reattach)]: detach=15 fd_count=116 | thread=binder:9219_2
04-26 13:04:41.094  9219  9237 I RLT     : +709ms [STATE] S26 attachSurface: 1600x900 attach=16 fd_count=116 remote_pid=9186 | thread=binder:9219_2
04-26 13:04:41.122  9186  9186 I RLT     : +1080ms [LIFECYCLE] S26 surfaceChanged: 640x480 format=1 | thread=main
04-26 13:04:41.126  9219  9237 I RLT     : +741ms [STATE] S26 releaseSurfaceLocked[attachSurface(reattach)]: detach=16 fd_count=116 | thread=binder:9219_2
04-26 13:04:41.127  9219  9237 I RLT     : +742ms [STATE] S26 attachSurface: 640x480 attach=17 fd_count=116 remote_pid=9186 | thread=binder:9219_2
04-26 13:04:41.148  9186  9186 I RLT     : +1106ms [LIFECYCLE] S26 surfaceChanged: 800x600 format=1 | thread=main
04-26 13:04:41.152  9219  9237 I RLT     : +767ms [STATE] S26 releaseSurfaceLocked[attachSurface(reattach)]: detach=17 fd_count=116 | thread=binder:9219_2
04-26 13:04:41.153  9219  9237 I RLT     : +768ms [STATE] S26 attachSurface: 800x600 attach=18 fd_count=116 remote_pid=9186 | thread=binder:9219_2
04-26 13:04:41.180  9186  9186 I RLT     : +1138ms [LIFECYCLE] S26 surfaceChanged: 960x540 format=1 | thread=main
04-26 13:04:41.183  9219  9237 I RLT     : +798ms [STATE] S26 releaseSurfaceLocked[attachSurface(reattach)]: detach=18 fd_count=116 | thread=binder:9219_2
04-26 13:04:41.184  9219  9237 I RLT     : +799ms [STATE] S26 attachSurface: 960x540 attach=19 fd_count=116 remote_pid=9186 | thread=binder:9219_2
04-26 13:04:41.215  9186  9186 I RLT     : +1173ms [LIFECYCLE] S26 surfaceChanged: 1024x768 format=1 | thread=main
04-26 13:04:41.219  9219  9267 I RLT     : +834ms [STATE] S26 releaseSurfaceLocked[attachSurface(reattach)]: detach=19 fd_count=116 | thread=binder:9219_4
04-26 13:04:41.220  9219  9267 I RLT     : +835ms [STATE] S26 attachSurface: 1024x768 attach=20 fd_count=116 remote_pid=9186 | thread=binder:9219_4
04-26 13:04:41.246  9186  9186 I RLT     : +1204ms [LIFECYCLE] S26 surfaceChanged: 1280x720 format=1 | thread=main
04-26 13:04:41.249  9219  9237 I RLT     : +864ms [STATE] S26 releaseSurfaceLocked[attachSurface(reattach)]: detach=20 fd_count=116 | thread=binder:9219_2
04-26 13:04:41.250  9219  9237 I RLT     : +865ms [STATE] S26 attachSurface: 1280x720 attach=21 fd_count=116 remote_pid=9186 | thread=binder:9219_2
04-26 13:04:41.273  9186  9186 I RLT     : +1231ms [LIFECYCLE] S26 surfaceChanged: 720x1280 format=1 | thread=main
04-26 13:04:41.276  9219  9267 I RLT     : +891ms [STATE] S26 releaseSurfaceLocked[attachSurface(reattach)]: detach=21 fd_count=116 | thread=binder:9219_4
04-26 13:04:41.277  9219  9267 I RLT     : +892ms [STATE] S26 attachSurface: 720x1280 attach=22 fd_count=116 remote_pid=9186 | thread=binder:9219_4
04-26 13:04:41.305  9186  9186 I RLT     : +1263ms [LIFECYCLE] S26 surfaceChanged: 1366x768 format=1 | thread=main
04-26 13:04:41.309  9219  9237 I RLT     : +923ms [STATE] S26 releaseSurfaceLocked[attachSurface(reattach)]: detach=22 fd_count=116 | thread=binder:9219_2
04-26 13:04:41.309  9219  9237 I RLT     : +924ms [STATE] S26 attachSurface: 1366x768 attach=23 fd_count=116 remote_pid=9186 | thread=binder:9219_2
04-26 13:04:41.338  9186  9186 I RLT     : +1296ms [LIFECYCLE] S26 surfaceChanged: 1600x900 format=1 | thread=main
04-26 13:04:41.342  9219  9267 I RLT     : +957ms [STATE] S26 releaseSurfaceLocked[attachSurface(reattach)]: detach=23 fd_count=116 | thread=binder:9219_4
04-26 13:04:41.343  9219  9267 I RLT     : +958ms [STATE] S26 attachSurface: 1600x900 attach=24 fd_count=116 remote_pid=9186 | thread=binder:9219_4
04-26 13:04:41.363  9186  9186 I RLT     : +1321ms [LIFECYCLE] S26 surfaceChanged: 640x480 format=1 | thread=main
04-26 13:04:41.366  9219  9237 I RLT     : +981ms [STATE] S26 releaseSurfaceLocked[attachSurface(reattach)]: detach=24 fd_count=116 | thread=binder:9219_2
04-26 13:04:41.367  9219  9237 I RLT     : +981ms [STATE] S26 attachSurface: 640x480 attach=25 fd_count=116 remote_pid=9186 | thread=binder:9219_2
04-26 13:04:41.396  9186  9186 I RLT     : +1354ms [LIFECYCLE] S26 surfaceChanged: 800x600 format=1 | thread=main
04-26 13:04:41.399  9219  9267 I RLT     : +1013ms [STATE] S26 releaseSurfaceLocked[attachSurface(reattach)]: detach=25 fd_count=116 | thread=binder:9219_4
04-26 13:04:41.399  9219  9267 I RLT     : +1014ms [STATE] S26 attachSurface: 800x600 attach=26 fd_count=116 remote_pid=9186 | thread=binder:9219_4
04-26 13:04:41.431  9186  9186 I RLT     : +1389ms [LIFECYCLE] S26 surfaceChanged: 960x540 format=1 | thread=main
04-26 13:04:41.436  9219  9237 I RLT     : +1051ms [STATE] S26 releaseSurfaceLocked[attachSurface(reattach)]: detach=26 fd_count=116 | thread=binder:9219_2
04-26 13:04:41.437  9219  9237 I RLT     : +1052ms [STATE] S26 attachSurface: 960x540 attach=27 fd_count=116 remote_pid=9186 | thread=binder:9219_2
04-26 13:04:41.463  9186  9186 I RLT     : +1421ms [LIFECYCLE] S26 surfaceChanged: 1024x768 format=1 | thread=main
04-26 13:04:41.466  9219  9267 I RLT     : +1081ms [STATE] S26 releaseSurfaceLocked[attachSurface(reattach)]: detach=27 fd_count=116 | thread=binder:9219_4
04-26 13:04:41.467  9219  9267 I RLT     : +1081ms [STATE] S26 attachSurface: 1024x768 attach=28 fd_count=116 remote_pid=9186 | thread=binder:9219_4
04-26 13:04:41.488  9186  9186 I RLT     : +1446ms [LIFECYCLE] S26 surfaceChanged: 1280x720 format=1 | thread=main
04-26 13:04:41.491  9219  9237 I RLT     : +1106ms [STATE] S26 releaseSurfaceLocked[attachSurface(reattach)]: detach=28 fd_count=116 | thread=binder:9219_2
04-26 13:04:41.493  9219  9237 I RLT     : +1108ms [STATE] S26 attachSurface: 1280x720 attach=29 fd_count=116 remote_pid=9186 | thread=binder:9219_2
04-26 13:04:41.521  9186  9186 I RLT     : +1479ms [LIFECYCLE] S26 surfaceChanged: 720x1280 format=1 | thread=main
04-26 13:04:41.524  9219  9267 I RLT     : +1138ms [STATE] S26 releaseSurfaceLocked[attachSurface(reattach)]: detach=29 fd_count=116 | thread=binder:9219_4
04-26 13:04:41.524  9219  9267 I RLT     : +1139ms [STATE] S26 attachSurface: 720x1280 attach=30 fd_count=116 remote_pid=9186 | thread=binder:9219_4
04-26 13:04:41.556  9186  9186 I RLT     : +1514ms [LIFECYCLE] S26 surfaceChanged: 1366x768 format=1 | thread=main
04-26 13:04:41.561  9219  9237 I RLT     : +1176ms [STATE] S26 releaseSurfaceLocked[attachSurface(reattach)]: detach=30 fd_count=116 | thread=binder:9219_2
04-26 13:04:41.562  9219  9237 I RLT     : +1177ms [STATE] S26 attachSurface: 1366x768 attach=31 fd_count=116 remote_pid=9186 | thread=binder:9219_2
04-26 13:04:41.588  9186  9186 I RLT     : +1546ms [LIFECYCLE] S26 surfaceChanged: 1600x900 format=1 | thread=main
04-26 13:04:41.591  9219  9267 I RLT     : +1206ms [STATE] S26 releaseSurfaceLocked[attachSurface(reattach)]: detach=31 fd_count=116 | thread=binder:9219_4
04-26 13:04:41.592  9219  9267 I RLT     : +1206ms [STATE] S26 attachSurface: 1600x900 attach=32 fd_count=116 remote_pid=9186 | thread=binder:9219_4
04-26 13:04:41.613  9186  9186 I RLT     : +1571ms [LIFECYCLE] S26 surfaceChanged: 640x480 format=1 | thread=main
04-26 13:04:41.616  9219  9241 I RLT     : +1231ms [STATE] S26 releaseSurfaceLocked[attachSurface(reattach)]: detach=32 fd_count=116 | thread=binder:9219_3
04-26 13:04:41.617  9219  9241 I RLT     : +1231ms [STATE] S26 attachSurface: 640x480 attach=33 fd_count=116 remote_pid=9186 | thread=binder:9219_3
04-26 13:04:41.648  9186  9186 I RLT     : +1606ms [LIFECYCLE] S26 surfaceChanged: 800x600 format=1 | thread=main
04-26 13:04:41.653  9219  9267 I RLT     : +1267ms [STATE] S26 releaseSurfaceLocked[attachSurface(reattach)]: detach=33 fd_count=116 | thread=binder:9219_4
04-26 13:04:41.654  9219  9267 I RLT     : +1268ms [STATE] S26 attachSurface: 800x600 attach=34 fd_count=116 remote_pid=9186 | thread=binder:9219_4
04-26 13:04:41.680  9186  9186 I RLT     : +1638ms [LIFECYCLE] S26 surfaceChanged: 960x540 format=1 | thread=main
04-26 13:04:41.684  9219  9241 I RLT     : +1299ms [STATE] S26 releaseSurfaceLocked[attachSurface(reattach)]: detach=34 fd_count=116 | thread=binder:9219_3
04-26 13:04:41.686  9219  9241 I RLT     : +1300ms [STATE] S26 attachSurface: 960x540 attach=35 fd_count=116 remote_pid=9186 | thread=binder:9219_3
04-26 13:04:41.714  9186  9186 I RLT     : +1672ms [LIFECYCLE] S26 surfaceChanged: 1024x768 format=1 | thread=main
04-26 13:04:41.718  9219  9267 I RLT     : +1333ms [STATE] S26 releaseSurfaceLocked[attachSurface(reattach)]: detach=35 fd_count=116 | thread=binder:9219_4
04-26 13:04:41.720  9219  9267 I RLT     : +1335ms [STATE] S26 attachSurface: 1024x768 attach=36 fd_count=116 remote_pid=9186 | thread=binder:9219_4
04-26 13:04:41.746  9186  9186 I RLT     : +1704ms [LIFECYCLE] S26 surfaceChanged: 1280x720 format=1 | thread=main
04-26 13:04:41.749  9219  9241 I RLT     : +1364ms [STATE] S26 releaseSurfaceLocked[attachSurface(reattach)]: detach=36 fd_count=116 | thread=binder:9219_3
04-26 13:04:41.750  9219  9241 I RLT     : +1365ms [STATE] S26 attachSurface: 1280x720 attach=37 fd_count=116 remote_pid=9186 | thread=binder:9219_3
04-26 13:04:41.772  9186  9186 I RLT     : +1729ms [LIFECYCLE] S26 surfaceChanged: 720x1280 format=1 | thread=main
04-26 13:04:41.776  9219  9267 I RLT     : +1391ms [STATE] S26 releaseSurfaceLocked[attachSurface(reattach)]: detach=37 fd_count=116 | thread=binder:9219_4
04-26 13:04:41.777  9219  9267 I RLT     : +1392ms [STATE] S26 attachSurface: 720x1280 attach=38 fd_count=116 remote_pid=9186 | thread=binder:9219_4
04-26 13:04:41.806  9186  9186 I RLT     : +1763ms [LIFECYCLE] S26 surfaceChanged: 1366x768 format=1 | thread=main
04-26 13:04:41.810  9219  9273 I RLT     : +1424ms [STATE] S26 releaseSurfaceLocked[attachSurface(reattach)]: detach=38 fd_count=116 | thread=binder:9219_5
04-26 13:04:41.810  9219  9273 I RLT     : +1425ms [STATE] S26 attachSurface: 1366x768 attach=39 fd_count=116 remote_pid=9186 | thread=binder:9219_5
04-26 13:04:41.839  9186  9186 I RLT     : +1797ms [LIFECYCLE] S26 surfaceChanged: 1600x900 format=1 | thread=main
04-26 13:04:41.843  9219  9267 I RLT     : +1458ms [STATE] S26 releaseSurfaceLocked[attachSurface(reattach)]: detach=39 fd_count=116 | thread=binder:9219_4
04-26 13:04:41.844  9219  9267 I RLT     : +1459ms [STATE] S26 attachSurface: 1600x900 attach=40 fd_count=116 remote_pid=9186 | thread=binder:9219_4
04-26 13:04:41.872  9186  9186 I RLT     : +1830ms [LIFECYCLE] S26 surfaceChanged: 640x480 format=1 | thread=main
04-26 13:04:41.877  9219  9273 I RLT     : +1492ms [STATE] S26 releaseSurfaceLocked[attachSurface(reattach)]: detach=40 fd_count=116 | thread=binder:9219_5
04-26 13:04:41.878  9219  9273 I RLT     : +1493ms [STATE] S26 attachSurface: 640x480 attach=41 fd_count=116 remote_pid=9186 | thread=binder:9219_5
04-26 13:04:41.905  9186  9186 I RLT     : +1862ms [LIFECYCLE] S26 surfaceChanged: 800x600 format=1 | thread=main
04-26 13:04:41.908  9219  9267 I RLT     : +1523ms [STATE] S26 releaseSurfaceLocked[attachSurface(reattach)]: detach=41 fd_count=116 | thread=binder:9219_4
04-26 13:04:41.909  9219  9267 I RLT     : +1524ms [STATE] S26 attachSurface: 800x600 attach=42 fd_count=116 remote_pid=9186 | thread=binder:9219_4
04-26 13:04:41.930  9186  9186 I RLT     : +1888ms [LIFECYCLE] S26 surfaceChanged: 960x540 format=1 | thread=main
04-26 13:04:41.932  9219  9273 I RLT     : +1547ms [STATE] S26 releaseSurfaceLocked[attachSurface(reattach)]: detach=42 fd_count=116 | thread=binder:9219_5
04-26 13:04:41.933  9219  9273 I RLT     : +1548ms [STATE] S26 attachSurface: 960x540 attach=43 fd_count=116 remote_pid=9186 | thread=binder:9219_5
04-26 13:04:41.964  9186  9186 I RLT     : +1922ms [LIFECYCLE] S26 surfaceChanged: 1024x768 format=1 | thread=main
04-26 13:04:41.969  9219  9236 I RLT     : +1584ms [STATE] S26 releaseSurfaceLocked[attachSurface(reattach)]: detach=43 fd_count=116 | thread=binder:9219_1
04-26 13:04:41.971  9219  9236 I RLT     : +1586ms [STATE] S26 attachSurface: 1024x768 attach=44 fd_count=116 remote_pid=9186 | thread=binder:9219_1
04-26 13:04:41.996  9186  9186 I RLT     : +1954ms [LIFECYCLE] S26 surfaceChanged: 1280x720 format=1 | thread=main
04-26 13:04:41.999  9219  9273 I RLT     : +1613ms [STATE] S26 releaseSurfaceLocked[attachSurface(reattach)]: detach=44 fd_count=116 | thread=binder:9219_5
04-26 13:04:41.999  9219  9273 I RLT     : +1614ms [STATE] S26 attachSurface: 1280x720 attach=45 fd_count=116 remote_pid=9186 | thread=binder:9219_5
04-26 13:04:42.031  9186  9186 I RLT     : +1989ms [LIFECYCLE] S26 surfaceChanged: 720x1280 format=1 | thread=main
04-26 13:04:42.037  9219  9236 I RLT     : +1651ms [STATE] S26 releaseSurfaceLocked[attachSurface(reattach)]: detach=45 fd_count=116 | thread=binder:9219_1
04-26 13:04:42.038  9219  9236 I RLT     : +1653ms [STATE] S26 attachSurface: 720x1280 attach=46 fd_count=116 remote_pid=9186 | thread=binder:9219_1
04-26 13:04:42.063  9186  9186 I RLT     : +2021ms [LIFECYCLE] S26 surfaceChanged: 1366x768 format=1 | thread=main
04-26 13:04:42.066  9219  9273 I RLT     : +1681ms [STATE] S26 releaseSurfaceLocked[attachSurface(reattach)]: detach=46 fd_count=116 | thread=binder:9219_5
04-26 13:04:42.067  9219  9273 I RLT     : +1682ms [STATE] S26 attachSurface: 1366x768 attach=47 fd_count=116 remote_pid=9186 | thread=binder:9219_5
04-26 13:04:42.088  9186  9186 I RLT     : +2046ms [LIFECYCLE] S26 surfaceChanged: 1600x900 format=1 | thread=main
04-26 13:04:42.091  9219  9236 I RLT     : +1706ms [STATE] S26 releaseSurfaceLocked[attachSurface(reattach)]: detach=47 fd_count=116 | thread=binder:9219_1
04-26 13:04:42.092  9219  9236 I RLT     : +1707ms [STATE] S26 attachSurface: 1600x900 attach=48 fd_count=116 remote_pid=9186 | thread=binder:9219_1
04-26 13:04:42.123  9186  9186 I RLT     : +2081ms [LIFECYCLE] S26 surfaceChanged: 640x480 format=1 | thread=main
04-26 13:04:42.128  9219  9273 I RLT     : +1743ms [STATE] S26 releaseSurfaceLocked[attachSurface(reattach)]: detach=48 fd_count=116 | thread=binder:9219_5
04-26 13:04:42.130  9219  9273 I RLT     : +1745ms [STATE] S26 attachSurface: 640x480 attach=49 fd_count=116 remote_pid=9186 | thread=binder:9219_5
04-26 13:04:42.155  9186  9186 I RLT     : +2113ms [LIFECYCLE] S26 surfaceChanged: 800x600 format=1 | thread=main
04-26 13:04:42.158  9219  9236 I RLT     : +1773ms [STATE] S26 releaseSurfaceLocked[attachSurface(reattach)]: detach=49 fd_count=116 | thread=binder:9219_1
04-26 13:04:42.159  9219  9236 I RLT     : +1774ms [STATE] S26 attachSurface: 800x600 attach=50 fd_count=116 remote_pid=9186 | thread=binder:9219_1
04-26 13:04:42.180  9186  9186 I RLT     : +2137ms [LIFECYCLE] S26 surfaceChanged: 960x540 format=1 | thread=main
04-26 13:04:42.182  9219  9236 I RLT     : +1797ms [STATE] S26 releaseSurfaceLocked[attachSurface(reattach)]: detach=50 fd_count=116 | thread=binder:9219_1
04-26 13:04:42.183  9219  9236 I RLT     : +1798ms [STATE] S26 attachSurface: 960x540 attach=51 fd_count=116 remote_pid=9186 | thread=binder:9219_1
04-26 13:04:42.215  9186  9186 I RLT     : +2172ms [LIFECYCLE] S26 surfaceChanged: 1024x768 format=1 | thread=main
04-26 13:04:42.219  9219  9267 I RLT     : +1834ms [STATE] S26 releaseSurfaceLocked[attachSurface(reattach)]: detach=51 fd_count=116 | thread=binder:9219_4
04-26 13:04:42.220  9219  9267 I RLT     : +1835ms [STATE] S26 attachSurface: 1024x768 attach=52 fd_count=116 remote_pid=9186 | thread=binder:9219_4
04-26 13:04:42.247  9186  9186 I RLT     : +2205ms [LIFECYCLE] S26 surfaceChanged: 1280x720 format=1 | thread=main
04-26 13:04:42.251  9219  9236 I RLT     : +1866ms [STATE] S26 releaseSurfaceLocked[attachSurface(reattach)]: detach=52 fd_count=116 | thread=binder:9219_1
04-26 13:04:42.252  9219  9236 I RLT     : +1867ms [STATE] S26 attachSurface: 1280x720 attach=53 fd_count=116 remote_pid=9186 | thread=binder:9219_1
04-26 13:04:42.281  9186  9186 I RLT     : +2239ms [LIFECYCLE] S26 surfaceChanged: 720x1280 format=1 | thread=main
04-26 13:04:42.286  9219  9267 I RLT     : +1900ms [STATE] S26 releaseSurfaceLocked[attachSurface(reattach)]: detach=53 fd_count=116 | thread=binder:9219_4
04-26 13:04:42.287  9219  9267 I RLT     : +1902ms [STATE] S26 attachSurface: 720x1280 attach=54 fd_count=116 remote_pid=9186 | thread=binder:9219_4
04-26 13:04:42.313  9186  9186 I RLT     : +2271ms [LIFECYCLE] S26 surfaceChanged: 1366x768 format=1 | thread=main
04-26 13:04:42.317  9219  9236 I RLT     : +1931ms [STATE] S26 releaseSurfaceLocked[attachSurface(reattach)]: detach=54 fd_count=116 | thread=binder:9219_1
04-26 13:04:42.318  9219  9236 I RLT     : +1933ms [STATE] S26 attachSurface: 1366x768 attach=55 fd_count=116 remote_pid=9186 | thread=binder:9219_1
04-26 13:04:42.338  9186  9186 I RLT     : +2296ms [LIFECYCLE] S26 surfaceChanged: 1600x900 format=1 | thread=main
04-26 13:04:42.341  9219  9267 I RLT     : +1955ms [STATE] S26 releaseSurfaceLocked[attachSurface(reattach)]: detach=55 fd_count=116 | thread=binder:9219_4
04-26 13:04:42.341  9219  9267 I RLT     : +1956ms [STATE] S26 attachSurface: 1600x900 attach=56 fd_count=116 remote_pid=9186 | thread=binder:9219_4
04-26 13:04:42.373  9186  9186 I RLT     : +2331ms [LIFECYCLE] S26 surfaceChanged: 640x480 format=1 | thread=main
04-26 13:04:42.378  9219  9236 I RLT     : +1993ms [STATE] S26 releaseSurfaceLocked[attachSurface(reattach)]: detach=56 fd_count=116 | thread=binder:9219_1
04-26 13:04:42.379  9219  9236 I RLT     : +1994ms [STATE] S26 attachSurface: 640x480 attach=57 fd_count=116 remote_pid=9186 | thread=binder:9219_1
04-26 13:04:42.405  9186  9186 I RLT     : +2363ms [LIFECYCLE] S26 surfaceChanged: 800x600 format=1 | thread=main
04-26 13:04:42.408  9219  9273 I RLT     : +2022ms [STATE] S26 releaseSurfaceLocked[attachSurface(reattach)]: detach=57 fd_count=116 | thread=binder:9219_5
04-26 13:04:42.408  9219  9273 I RLT     : +2023ms [STATE] S26 attachSurface: 800x600 attach=58 fd_count=116 remote_pid=9186 | thread=binder:9219_5
04-26 13:04:42.430  9186  9186 I RLT     : +2388ms [LIFECYCLE] S26 surfaceChanged: 960x540 format=1 | thread=main
04-26 13:04:42.432  9219  9236 I RLT     : +2047ms [STATE] S26 releaseSurfaceLocked[attachSurface(reattach)]: detach=58 fd_count=116 | thread=binder:9219_1
04-26 13:04:42.433  9219  9236 I RLT     : +2048ms [STATE] S26 attachSurface: 960x540 attach=59 fd_count=116 remote_pid=9186 | thread=binder:9219_1
04-26 13:04:42.463  9186  9186 I RLT     : +2421ms [LIFECYCLE] S26 surfaceChanged: 1024x768 format=1 | thread=main
04-26 13:04:42.466  9219  9273 I RLT     : +2081ms [STATE] S26 releaseSurfaceLocked[attachSurface(reattach)]: detach=59 fd_count=116 | thread=binder:9219_5
04-26 13:04:42.467  9219  9273 I RLT     : +2082ms [STATE] S26 attachSurface: 1024x768 attach=60 fd_count=116 remote_pid=9186 | thread=binder:9219_5
04-26 13:04:42.497  9186  9186 I RLT     : +2455ms [LIFECYCLE] S26 surfaceChanged: 1280x720 format=1 | thread=main
04-26 13:04:42.501  9219  9236 I RLT     : +2116ms [STATE] S26 releaseSurfaceLocked[attachSurface(reattach)]: detach=60 fd_count=116 | thread=binder:9219_1
04-26 13:04:42.502  9219  9236 I RLT     : +2117ms [STATE] S26 attachSurface: 1280x720 attach=61 fd_count=116 remote_pid=9186 | thread=binder:9219_1
04-26 13:04:42.530  9186  9186 I RLT     : +2488ms [LIFECYCLE] S26 surfaceChanged: 720x1280 format=1 | thread=main
04-26 13:04:42.533  9219  9273 I RLT     : +2148ms [STATE] S26 releaseSurfaceLocked[attachSurface(reattach)]: detach=61 fd_count=116 | thread=binder:9219_5
04-26 13:04:42.534  9219  9273 I RLT     : +2149ms [STATE] S26 attachSurface: 720x1280 attach=62 fd_count=116 remote_pid=9186 | thread=binder:9219_5
04-26 13:04:42.555  9186  9186 I RLT     : +2513ms [LIFECYCLE] S26 surfaceChanged: 1366x768 format=1 | thread=main
04-26 13:04:42.557  9219  9267 I RLT     : +2172ms [STATE] S26 releaseSurfaceLocked[attachSurface(reattach)]: detach=62 fd_count=116 | thread=binder:9219_4
04-26 13:04:42.558  9219  9267 I RLT     : +2173ms [STATE] S26 attachSurface: 1366x768 attach=63 fd_count=116 remote_pid=9186 | thread=binder:9219_4
04-26 13:04:42.589  9186  9186 I RLT     : +2547ms [LIFECYCLE] S26 surfaceChanged: 1600x900 format=1 | thread=main
04-26 13:04:42.594  9219  9236 I RLT     : +2208ms [STATE] S26 releaseSurfaceLocked[attachSurface(reattach)]: detach=63 fd_count=116 | thread=binder:9219_1
04-26 13:04:42.595  9219  9236 I RLT     : +2209ms [STATE] S26 attachSurface: 1600x900 attach=64 fd_count=116 remote_pid=9186 | thread=binder:9219_1
04-26 13:04:42.621  9186  9186 I RLT     : +2579ms [LIFECYCLE] S26 surfaceChanged: 640x480 format=1 | thread=main
04-26 13:04:42.624  9219  9267 I RLT     : +2239ms [STATE] S26 releaseSurfaceLocked[attachSurface(reattach)]: detach=64 fd_count=116 | thread=binder:9219_4
04-26 13:04:42.625  9219  9267 I RLT     : +2240ms [STATE] S26 attachSurface: 640x480 attach=65 fd_count=116 remote_pid=9186 | thread=binder:9219_4
04-26 13:04:42.656  9186  9186 I RLT     : +2614ms [LIFECYCLE] S26 surfaceChanged: 800x600 format=1 | thread=main
04-26 13:04:42.661  9219  9236 I RLT     : +2276ms [STATE] S26 releaseSurfaceLocked[attachSurface(reattach)]: detach=65 fd_count=116 | thread=binder:9219_1
04-26 13:04:42.662  9219  9236 I RLT     : +2277ms [STATE] S26 attachSurface: 800x600 attach=66 fd_count=116 remote_pid=9186 | thread=binder:9219_1
04-26 13:04:42.689  9186  9186 I RLT     : +2646ms [LIFECYCLE] S26 surfaceChanged: 960x540 format=1 | thread=main
04-26 13:04:42.693  9219  9267 I RLT     : +2308ms [STATE] S26 releaseSurfaceLocked[attachSurface(reattach)]: detach=66 fd_count=116 | thread=binder:9219_4
04-26 13:04:42.694  9219  9267 I RLT     : +2309ms [STATE] S26 attachSurface: 960x540 attach=67 fd_count=116 remote_pid=9186 | thread=binder:9219_4
04-26 13:04:42.713  9186  9186 I RLT     : +2671ms [LIFECYCLE] S26 surfaceChanged: 1024x768 format=1 | thread=main
04-26 13:04:42.716  9219  9236 I RLT     : +2331ms [STATE] S26 releaseSurfaceLocked[attachSurface(reattach)]: detach=67 fd_count=116 | thread=binder:9219_1
04-26 13:04:42.717  9219  9236 I RLT     : +2332ms [STATE] S26 attachSurface: 1024x768 attach=68 fd_count=116 remote_pid=9186 | thread=binder:9219_1
04-26 13:04:42.746  9186  9186 I RLT     : +2704ms [LIFECYCLE] S26 surfaceChanged: 1280x720 format=1 | thread=main
04-26 13:04:42.749  9219  9267 I RLT     : +2364ms [STATE] S26 releaseSurfaceLocked[attachSurface(reattach)]: detach=68 fd_count=116 | thread=binder:9219_4
04-26 13:04:42.751  9219  9267 I RLT     : +2366ms [STATE] S26 attachSurface: 1280x720 attach=69 fd_count=116 remote_pid=9186 | thread=binder:9219_4
04-26 13:04:42.781  9186  9186 I RLT     : +2738ms [LIFECYCLE] S26 surfaceChanged: 720x1280 format=1 | thread=main
04-26 13:04:42.784  9219  9236 I RLT     : +2399ms [STATE] S26 releaseSurfaceLocked[attachSurface(reattach)]: detach=69 fd_count=116 | thread=binder:9219_1
04-26 13:04:42.785  9219  9236 I RLT     : +2400ms [STATE] S26 attachSurface: 720x1280 attach=70 fd_count=116 remote_pid=9186 | thread=binder:9219_1
04-26 13:04:42.813  9186  9186 I RLT     : +2771ms [LIFECYCLE] S26 surfaceChanged: 1366x768 format=1 | thread=main
04-26 13:04:42.816  9219  9267 I RLT     : +2431ms [STATE] S26 releaseSurfaceLocked[attachSurface(reattach)]: detach=70 fd_count=116 | thread=binder:9219_4
04-26 13:04:42.817  9219  9267 I RLT     : +2432ms [STATE] S26 attachSurface: 1366x768 attach=71 fd_count=116 remote_pid=9186 | thread=binder:9219_4
04-26 13:04:42.838  9186  9186 I RLT     : +2796ms [LIFECYCLE] S26 surfaceChanged: 1600x900 format=1 | thread=main
04-26 13:04:42.841  9219  9236 I RLT     : +2455ms [STATE] S26 releaseSurfaceLocked[attachSurface(reattach)]: detach=71 fd_count=116 | thread=binder:9219_1
04-26 13:04:42.841  9219  9236 I RLT     : +2456ms [STATE] S26 attachSurface: 1600x900 attach=72 fd_count=116 remote_pid=9186 | thread=binder:9219_1
04-26 13:04:42.872  9186  9186 I RLT     : +2830ms [LIFECYCLE] S26 surfaceChanged: 640x480 format=1 | thread=main
04-26 13:04:42.874  9219  9267 I RLT     : +2489ms [STATE] S26 releaseSurfaceLocked[attachSurface(reattach)]: detach=72 fd_count=116 | thread=binder:9219_4
04-26 13:04:42.875  9219  9267 I RLT     : +2490ms [STATE] S26 attachSurface: 640x480 attach=73 fd_count=116 remote_pid=9186 | thread=binder:9219_4
04-26 13:04:42.905  9186  9186 I RLT     : +2863ms [LIFECYCLE] S26 surfaceChanged: 800x600 format=1 | thread=main
04-26 13:04:42.909  9219  9236 I RLT     : +2524ms [STATE] S26 releaseSurfaceLocked[attachSurface(reattach)]: detach=73 fd_count=116 | thread=binder:9219_1
04-26 13:04:42.910  9219  9236 I RLT     : +2525ms [STATE] S26 attachSurface: 800x600 attach=74 fd_count=116 remote_pid=9186 | thread=binder:9219_1
04-26 13:04:42.939  9186  9186 I RLT     : +2897ms [LIFECYCLE] S26 surfaceChanged: 960x540 format=1 | thread=main
04-26 13:04:42.943  9219  9273 I RLT     : +2558ms [STATE] S26 releaseSurfaceLocked[attachSurface(reattach)]: detach=74 fd_count=116 | thread=binder:9219_5
04-26 13:04:42.944  9219  9273 I RLT     : +2559ms [STATE] S26 attachSurface: 960x540 attach=75 fd_count=116 remote_pid=9186 | thread=binder:9219_5
04-26 13:04:42.964  9186  9186 I RLT     : +2921ms [LIFECYCLE] S26 surfaceChanged: 1024x768 format=1 | thread=main
04-26 13:04:42.966  9219  9236 I RLT     : +2581ms [STATE] S26 releaseSurfaceLocked[attachSurface(reattach)]: detach=75 fd_count=116 | thread=binder:9219_1
04-26 13:04:42.967  9219  9236 I RLT     : +2582ms [STATE] S26 attachSurface: 1024x768 attach=76 fd_count=116 remote_pid=9186 | thread=binder:9219_1
04-26 13:04:42.996  9186  9186 I RLT     : +2954ms [LIFECYCLE] S26 surfaceChanged: 1280x720 format=1 | thread=main
04-26 13:04:43.000  9219  9267 I RLT     : +2614ms [STATE] S26 releaseSurfaceLocked[attachSurface(reattach)]: detach=76 fd_count=116 | thread=binder:9219_4
04-26 13:04:43.000  9219  9267 I RLT     : +2615ms [STATE] S26 attachSurface: 1280x720 attach=77 fd_count=116 remote_pid=9186 | thread=binder:9219_4
04-26 13:04:43.030  9186  9186 I RLT     : +2987ms [LIFECYCLE] S26 surfaceChanged: 720x1280 format=1 | thread=main
04-26 13:04:43.032  9219  9267 I RLT     : +2647ms [STATE] S26 releaseSurfaceLocked[attachSurface(reattach)]: detach=77 fd_count=116 | thread=binder:9219_4
04-26 13:04:43.033  9219  9267 I RLT     : +2647ms [STATE] S26 attachSurface: 720x1280 attach=78 fd_count=116 remote_pid=9186 | thread=binder:9219_4
04-26 13:04:43.055  9186  9186 I RLT     : +3013ms [LIFECYCLE] S26 surfaceChanged: 1366x768 format=1 | thread=main
04-26 13:04:43.057  9219  9236 I RLT     : +2672ms [STATE] S26 releaseSurfaceLocked[attachSurface(reattach)]: detach=78 fd_count=116 | thread=binder:9219_1
04-26 13:04:43.058  9219  9236 I RLT     : +2673ms [STATE] S26 attachSurface: 1366x768 attach=79 fd_count=116 remote_pid=9186 | thread=binder:9219_1
04-26 13:04:43.088  9186  9186 I RLT     : +3046ms [LIFECYCLE] S26 surfaceChanged: 1600x900 format=1 | thread=main
04-26 13:04:43.092  9219  9267 I RLT     : +2706ms [STATE] S26 releaseSurfaceLocked[attachSurface(reattach)]: detach=79 fd_count=116 | thread=binder:9219_4
04-26 13:04:43.093  9219  9267 I RLT     : +2707ms [STATE] S26 attachSurface: 1600x900 attach=80 fd_count=116 remote_pid=9186 | thread=binder:9219_4
04-26 13:04:43.123  9186  9186 I RLT     : +3081ms [LIFECYCLE] S26 surfaceChanged: 640x480 format=1 | thread=main
04-26 13:04:43.128  9219  9236 I RLT     : +2743ms [STATE] S26 releaseSurfaceLocked[attachSurface(reattach)]: detach=80 fd_count=116 | thread=binder:9219_1
04-26 13:04:43.130  9219  9236 I RLT     : +2745ms [STATE] S26 attachSurface: 640x480 attach=81 fd_count=116 remote_pid=9186 | thread=binder:9219_1
04-26 13:04:43.155  9186  9186 I RLT     : +3112ms [LIFECYCLE] S26 surfaceChanged: 800x600 format=1 | thread=main
04-26 13:04:43.158  9219  9267 I RLT     : +2773ms [STATE] S26 releaseSurfaceLocked[attachSurface(reattach)]: detach=81 fd_count=116 | thread=binder:9219_4
04-26 13:04:43.159  9219  9267 I RLT     : +2774ms [STATE] S26 attachSurface: 800x600 attach=82 fd_count=116 remote_pid=9186 | thread=binder:9219_4
04-26 13:04:43.180  9186  9186 I RLT     : +3138ms [LIFECYCLE] S26 surfaceChanged: 960x540 format=1 | thread=main
04-26 13:04:43.182  9219  9236 I RLT     : +2797ms [STATE] S26 releaseSurfaceLocked[attachSurface(reattach)]: detach=82 fd_count=116 | thread=binder:9219_1
04-26 13:04:43.183  9219  9236 I RLT     : +2798ms [STATE] S26 attachSurface: 960x540 attach=83 fd_count=116 remote_pid=9186 | thread=binder:9219_1
04-26 13:04:43.215  9186  9186 I RLT     : +3173ms [LIFECYCLE] S26 surfaceChanged: 1024x768 format=1 | thread=main
04-26 13:04:43.219  9219  9267 I RLT     : +2834ms [STATE] S26 releaseSurfaceLocked[attachSurface(reattach)]: detach=83 fd_count=116 | thread=binder:9219_4
04-26 13:04:43.221  9219  9267 I RLT     : +2835ms [STATE] S26 attachSurface: 1024x768 attach=84 fd_count=116 remote_pid=9186 | thread=binder:9219_4
04-26 13:04:43.248  9186  9186 I RLT     : +3206ms [LIFECYCLE] S26 surfaceChanged: 1280x720 format=1 | thread=main
04-26 13:04:43.253  9219  9273 I RLT     : +2868ms [STATE] S26 releaseSurfaceLocked[attachSurface(reattach)]: detach=84 fd_count=116 | thread=binder:9219_5
04-26 13:04:43.254  9219  9273 I RLT     : +2869ms [STATE] S26 attachSurface: 1280x720 attach=85 fd_count=116 remote_pid=9186 | thread=binder:9219_5
04-26 13:04:43.281  9186  9186 I RLT     : +3239ms [LIFECYCLE] S26 surfaceChanged: 720x1280 format=1 | thread=main
04-26 13:04:43.285  9219  9267 I RLT     : +2900ms [STATE] S26 releaseSurfaceLocked[attachSurface(reattach)]: detach=85 fd_count=116 | thread=binder:9219_4
04-26 13:04:43.287  9219  9267 I RLT     : +2901ms [STATE] S26 attachSurface: 720x1280 attach=86 fd_count=116 remote_pid=9186 | thread=binder:9219_4
04-26 13:04:43.313  9186  9186 I RLT     : +3271ms [LIFECYCLE] S26 surfaceChanged: 1366x768 format=1 | thread=main
04-26 13:04:43.317  9219  9267 I RLT     : +2932ms [STATE] S26 releaseSurfaceLocked[attachSurface(reattach)]: detach=86 fd_count=116 | thread=binder:9219_4
04-26 13:04:43.318  9219  9267 I RLT     : +2933ms [STATE] S26 attachSurface: 1366x768 attach=87 fd_count=116 remote_pid=9186 | thread=binder:9219_4
04-26 13:04:43.348  9186  9186 I RLT     : +3306ms [LIFECYCLE] S26 surfaceChanged: 1600x900 format=1 | thread=main
04-26 13:04:43.352  9219  9267 I RLT     : +2967ms [STATE] S26 releaseSurfaceLocked[attachSurface(reattach)]: detach=87 fd_count=116 | thread=binder:9219_4
04-26 13:04:43.353  9219  9267 I RLT     : +2968ms [STATE] S26 attachSurface: 1600x900 attach=88 fd_count=116 remote_pid=9186 | thread=binder:9219_4
04-26 13:04:43.381  9186  9186 I RLT     : +3339ms [LIFECYCLE] S26 surfaceChanged: 640x480 format=1 | thread=main
04-26 13:04:43.384  9219  9273 I RLT     : +2999ms [STATE] S26 releaseSurfaceLocked[attachSurface(reattach)]: detach=88 fd_count=116 | thread=binder:9219_5
04-26 13:04:43.385  9219  9273 I RLT     : +3000ms [STATE] S26 attachSurface: 640x480 attach=89 fd_count=116 remote_pid=9186 | thread=binder:9219_5
04-26 13:04:43.413  9186  9186 I RLT     : +3371ms [LIFECYCLE] S26 surfaceChanged: 800x600 format=1 | thread=main
04-26 13:04:43.416  9219  9267 I RLT     : +3031ms [STATE] S26 releaseSurfaceLocked[attachSurface(reattach)]: detach=89 fd_count=116 | thread=binder:9219_4
04-26 13:04:43.417  9219  9267 I RLT     : +3032ms [STATE] S26 attachSurface: 800x600 attach=90 fd_count=116 remote_pid=9186 | thread=binder:9219_4
04-26 13:04:43.447  9186  9186 I RLT     : +3404ms [LIFECYCLE] S26 surfaceChanged: 960x540 format=1 | thread=main
04-26 13:04:43.449  9219  9273 I RLT     : +3064ms [STATE] S26 releaseSurfaceLocked[attachSurface(reattach)]: detach=90 fd_count=116 | thread=binder:9219_5
04-26 13:04:43.450  9219  9273 I RLT     : +3065ms [STATE] S26 attachSurface: 960x540 attach=91 fd_count=116 remote_pid=9186 | thread=binder:9219_5
04-26 13:04:43.480  9186  9186 I RLT     : +3438ms [LIFECYCLE] S26 surfaceChanged: 1024x768 format=1 | thread=main
04-26 13:04:43.483  9219  9236 I RLT     : +3098ms [STATE] S26 releaseSurfaceLocked[attachSurface(reattach)]: detach=91 fd_count=116 | thread=binder:9219_1
04-26 13:04:43.484  9219  9236 I RLT     : +3099ms [STATE] S26 attachSurface: 1024x768 attach=92 fd_count=116 remote_pid=9186 | thread=binder:9219_1
04-26 13:04:43.505  9186  9186 I RLT     : +3463ms [LIFECYCLE] S26 surfaceChanged: 1280x720 format=1 | thread=main
04-26 13:04:43.508  9219  9267 I RLT     : +3123ms [STATE] S26 releaseSurfaceLocked[attachSurface(reattach)]: detach=92 fd_count=116 | thread=binder:9219_4
04-26 13:04:43.509  9219  9267 I RLT     : +3124ms [STATE] S26 attachSurface: 1280x720 attach=93 fd_count=116 remote_pid=9186 | thread=binder:9219_4
04-26 13:04:43.538  9186  9186 I RLT     : +3496ms [LIFECYCLE] S26 surfaceChanged: 720x1280 format=1 | thread=main
04-26 13:04:43.541  9219  9273 I RLT     : +3155ms [STATE] S26 releaseSurfaceLocked[attachSurface(reattach)]: detach=93 fd_count=116 | thread=binder:9219_5
04-26 13:04:43.541  9219  9273 I RLT     : +3156ms [STATE] S26 attachSurface: 720x1280 attach=94 fd_count=116 remote_pid=9186 | thread=binder:9219_5
04-26 13:04:43.572  9186  9186 I RLT     : +3530ms [LIFECYCLE] S26 surfaceChanged: 1366x768 format=1 | thread=main
04-26 13:04:43.575  9219  9267 I RLT     : +3189ms [STATE] S26 releaseSurfaceLocked[attachSurface(reattach)]: detach=94 fd_count=116 | thread=binder:9219_4
04-26 13:04:43.576  9219  9267 I RLT     : +3190ms [STATE] S26 attachSurface: 1366x768 attach=95 fd_count=116 remote_pid=9186 | thread=binder:9219_4
04-26 13:04:43.605  9186  9186 I RLT     : +3562ms [LIFECYCLE] S26 surfaceChanged: 1600x900 format=1 | thread=main
04-26 13:04:43.608  9219  9273 I RLT     : +3222ms [STATE] S26 releaseSurfaceLocked[attachSurface(reattach)]: detach=95 fd_count=116 | thread=binder:9219_5
04-26 13:04:43.608  9219  9273 I RLT     : +3223ms [STATE] S26 attachSurface: 1600x900 attach=96 fd_count=116 remote_pid=9186 | thread=binder:9219_5
04-26 13:04:43.630  9186  9186 I RLT     : +3588ms [LIFECYCLE] S26 surfaceChanged: 640x480 format=1 | thread=main
04-26 13:04:43.634  9219  9236 I RLT     : +3249ms [STATE] S26 releaseSurfaceLocked[attachSurface(reattach)]: detach=96 fd_count=116 | thread=binder:9219_1
04-26 13:04:43.635  9219  9236 I RLT     : +3250ms [STATE] S26 attachSurface: 640x480 attach=97 fd_count=116 remote_pid=9186 | thread=binder:9219_1
04-26 13:04:43.664  9186  9186 I RLT     : +3622ms [LIFECYCLE] S26 surfaceChanged: 800x600 format=1 | thread=main
04-26 13:04:43.667  9219  9237 I RLT     : +3282ms [STATE] S26 releaseSurfaceLocked[attachSurface(reattach)]: detach=97 fd_count=116 | thread=binder:9219_2
04-26 13:04:43.668  9219  9237 I RLT     : +3283ms [STATE] S26 attachSurface: 800x600 attach=98 fd_count=116 remote_pid=9186 | thread=binder:9219_2
04-26 13:04:43.698  9186  9186 I RLT     : +3656ms [LIFECYCLE] S26 surfaceChanged: 960x540 format=1 | thread=main
04-26 13:04:43.702  9219  9273 I RLT     : +3317ms [STATE] S26 releaseSurfaceLocked[attachSurface(reattach)]: detach=98 fd_count=116 | thread=binder:9219_5
04-26 13:04:43.703  9219  9273 I RLT     : +3318ms [STATE] S26 attachSurface: 960x540 attach=99 fd_count=116 remote_pid=9186 | thread=binder:9219_5
04-26 13:04:43.731  9186  9186 I RLT     : +3689ms [LIFECYCLE] S26 surfaceChanged: 1024x768 format=1 | thread=main
04-26 13:04:43.736  9219  9237 I RLT     : +3351ms [STATE] S26 releaseSurfaceLocked[attachSurface(reattach)]: detach=99 fd_count=116 | thread=binder:9219_2
04-26 13:04:43.738  9219  9237 I RLT     : +3353ms [STATE] S26 attachSurface: 1024x768 attach=100 fd_count=116 remote_pid=9186 | thread=binder:9219_2
04-26 13:04:44.008  9186  9186 I RLT     : +3966ms [STATE] S26 SUMMARY: cycles_requested=100 cycle_index=100 fd_at_start=108 fd_at_end=119 fd_delta=11 | thread=main
04-26 13:04:44.455  9186  9186 I RLT     : +4413ms [LIFECYCLE] S26 surfaceDestroyed | thread=main
04-26 13:04:44.462  9219  9237 I RLT     : +4077ms [STATE] S26 releaseSurfaceLocked[detachSurface]: detach=100 fd_count=116 | thread=binder:9219_2
04-26 13:04:44.490  9219  9219 I RLT     : +4105ms [LIFECYCLE] S26 SurfaceRendererService.onDestroy: pid=9219 attach=100 detach=100 render=100 render_fail=0 fd_count=116 | thread=main
